{
    "workflow_output": {
        "content": [
            {
                "success": true,
                "exitStatus": 0,
                "errorMessage": "",
                "errorReport": "",
                "failed": false,
                "trace": {
                    "tasksCount": 92,
                    "tasksFailed": 0,
                    "tasksSucceeded": 92
                },
                "stdout": [
                    
                ],
                "stderr": [
                    
                ],
                "name": "workflow"
            },
            [
                "102602009_polished.fa:md5,8a255d8e4a31351bea6144a8ada986fd",
                "102602009_rough.fa:md5,e9eb6914d8895465266e51c61c7ace9d",
                "106801008_rough.fa:md5,9df96465c869c275c6fa5eff63069522",
                "107301003_polished.fa:md5,04cd9a17de2bf9114a2c988514c92157",
                "107301003_rough.fa:md5,8e82b22d5076752da79e57b6d514b60a",
                "107802008_polished.fa:md5,30c114c5034c586a9c38041950b5c6c6",
                "107802008_rough.fa:md5,7c5968cb3e33132d9f3a9432a5642ed8"
            ],
            [
                "102602009_polished.gff3:md5,1e252c4404a642cd0467d98996414831",
                "107301003_polished.gff3:md5,6cd4bb57800e0e8e99bb415be42f79df"
            ],
            [
                "102602009_A.remap.sorted_coverage.tsv:md5,90ad8d4b5cc7cd773b7d8631ecc3d10e",
                "102602009_B.remap.sorted_coverage.tsv:md5,dbe0f866c8c665f429eee039acf49750",
                "107301003_A.remap.sorted_coverage.tsv:md5,d7389724c5ca88545c09dd5198cb4958",
                "107301003_B.remap.sorted_coverage.tsv:md5,cd42625fe2fc0ac7e11072630055acb3"
            ],
            [
                "102602009_A.ref_coords.tsv:md5,adfc0a3b92eae33c33d1f0fa69a15a0f",
                "102602009_B.ref_coords.tsv:md5,0547cf648f61da35e127b553e514a0b3",
                "107301003_A.ref_coords.tsv:md5,7e94ba0c88fb04a35ff17df7d685021e",
                "107301003_B.ref_coords.tsv:md5,3543e8980a49fa695de87275f3471070"
            ]
        ],
        "timestamp": "2026-03-24T16:56:09.945173",
        "meta": {
            "nf-test": "0.9.5",
            "nextflow": "25.10.4"
        }
    }
}