{
    "workflow_output": {
        "content": [
            {
                "success": true,
                "exitStatus": 0,
                "errorMessage": "",
                "errorReport": "",
                "failed": false,
                "trace": {
                    "tasksCount": 100,
                    "tasksFailed": 0,
                    "tasksSucceeded": 100
                },
                "stdout": [
                    
                ],
                "stderr": [
                    
                ],
                "name": "workflow"
            },
            [
                "102602009_polished.fa:md5,d0b618a53da267459d43b390f3d74101",
                "102602009_rough.fa:md5,bf7e113f946e0fa75aaa61c858efbf92",
                "106801008_rough.fa:md5,9df96465c869c275c6fa5eff63069522",
                "107301003_polished.fa:md5,94bf6d29722a4ccb003d4e6fe47e3fae",
                "107301003_rough.fa:md5,5d562909b0c604f0fdcf6000b5c43dc5",
                "107802008_polished.fa:md5,31a9ab4aa95518b479fb543b5bd36d51",
                "107802008_rough.fa:md5,9d2a275b1fbffec38d4703e5d8b6a4e4"
            ],
            [
                "102602009_polished.gff3:md5,7bdd880f2375e056a705ff18e76a95d9",
                "107301003_polished.gff3:md5,62718ed899ab4853dc729082d54b03d5"
            ],
            [
                "102602009_A.remap.sorted_coverage.tsv:md5,0febfac704b3af1a83ea1e3788afec09",
                "102602009_B.remap.sorted_coverage.tsv:md5,7a1552861b23058b2950b784e8b9abda",
                "107301003_A.remap.sorted_coverage.tsv:md5,d5c6598aaa8017bfa99e5fc2964f45e6",
                "107301003_B.remap.sorted_coverage.tsv:md5,8035e93d1e5bf80d349ed6a9fed6379a"
            ],
            [
                "102602009_A.ref_coords.tsv:md5,cf6939ca2c642e24c457e49e927134d3",
                "102602009_B.ref_coords.tsv:md5,dc5744105823f0776210f8ecc9d547bf",
                "107301003_A.ref_coords.tsv:md5,a7dbb39de8f2a66aa0f06496f1ee10c2",
                "107301003_B.ref_coords.tsv:md5,3543e8980a49fa695de87275f3471070"
            ]
        ],
        "timestamp": "2026-07-31T14:58:20.259617",
        "meta": {
            "nf-test": "0.9.5",
            "nextflow": "26.04.6"
        }
    }
}