{
    "workflow_output": {
        "content": [
            {
                "success": true,
                "exitStatus": 0,
                "errorMessage": "",
                "errorReport": "",
                "failed": false,
                "trace": {
                    "tasksCount": 96,
                    "tasksFailed": 0,
                    "tasksSucceeded": 96
                },
                "stdout": [
                    
                ],
                "stderr": [
                    
                ],
                "name": "workflow"
            },
            [
                "102602009.fa:md5,6b9da41b4bbd15a06093f57ee241d3c3",
                "107301003.fa:md5,04e47e0784876d2e62b06da5f41f8af9",
                "107802008.fa:md5,c55c484327463a5d8f9ce36a98526c0c"
            ],
            [
                "102602009.gff3:md5,b2737810741f77bd51ca90d4e966f530",
                "107301003.gff3:md5,7cccc880d7ae1852bc9e8bf99a97f370"
            ],
            [
                "102602009_A.remap.sorted_coverage.tsv:md5,9aff82506f49e3c0bf7da2c877666226",
                "102602009_B.remap.sorted_coverage.tsv:md5,b25775c1baa0603faf623c5c132b8619",
                "107301003_A.remap.sorted_coverage.tsv:md5,74b4e10e602421c1a42a9dec178a0ce4"
            ],
            [
                "102602009_A.ref_coords.tsv:md5,33ba51492dc5745b53ed0a25be577845",
                "102602009_B.ref_coords.tsv:md5,3328d3e5e50224613d46e568bcb795fe",
                "107301003_A.ref_coords.tsv:md5,93c3a8c769ace9bee465280f3c71d831"
            ]
        ],
        "timestamp": "2026-09-04T14:08:40.898571",
        "meta": {
            "nf-test": "0.9.5",
            "nextflow": "26.04.6"
        }
    }
}